// Jest Snapshot v1, https://goo.gl/fbAQLP

exports[`Testing <MenuListItem/> Testing snap & state MenuListItem has rendered correctly 1`] = `ShallowWrapper {}`;